{"__type":"$$EventMessageAudit","id":"d7a49a6f-7596-4a70-8289-c4bb0471ca19","ts":"2026-07-24T21:15:48.877-03:00","eventName":"n8n.audit.workflow.activated","message":"n8n.audit.workflow.activated","payload":{"workflowId":"FPhqwMO7my46sJeP","workflowName":"Update Status","activeVersionId":"ee88e134-59e8-49fd-a182-bbc6dc220bf2","activationMode":"init"}}
{"__type":"$$EventMessageConfirm","confirm":"d7a49a6f-7596-4a70-8289-c4bb0471ca19","ts":"2026-07-24T21:15:48.877-03:00","source":{"id":"0","name":"eventBus"}}
{"__type":"$$EventMessageAudit","id":"81db064e-d3c6-472c-a0a2-2973018fb613","ts":"2026-07-24T21:43:27.928-03:00","eventName":"n8n.audit.workflow.executed","message":"n8n.audit.workflow.executed","payload":{"workflowId":"FPhqwMO7my46sJeP","workflowName":"Update Status","executionId":"14","source":"webhook"}}
{"__type":"$$EventMessageConfirm","confirm":"81db064e-d3c6-472c-a0a2-2973018fb613","ts":"2026-07-24T21:43:27.928-03:00","source":{"id":"0","name":"eventBus"}}
{"__type":"$$EventMessageWorkflow","id":"79211fe1-54d8-442d-8f35-d1440faa329b","ts":"2026-07-24T21:43:27.929-03:00","eventName":"n8n.workflow.started","message":"n8n.workflow.started","payload":{"executionId":"14","workflowId":"FPhqwMO7my46sJeP","isManual":false,"mode":"webhook","workflowName":"Update Status","projectId":"mep6KGh3Fj00XWNp","projectName":"Victor v.ramos58@hotmail.com <v.ramos58@hotmail.com>"}}
{"__type":"$$EventMessageConfirm","confirm":"79211fe1-54d8-442d-8f35-d1440faa329b","ts":"2026-07-24T21:43:27.929-03:00","source":{"id":"0","name":"eventBus"}}
{"__type":"$$EventMessageNode","id":"acfb296a-2c62-4b23-af8f-038540167667","ts":"2026-07-24T21:43:27.929-03:00","eventName":"n8n.node.started","message":"n8n.node.started","payload":{"workflowId":"FPhqwMO7my46sJeP","workflowName":"Update Status","executionId":"14","nodeType":"n8n-nodes-base.webhook","nodeName":"Webhook","nodeId":"88f19530-43a8-4689-99f9-e78f98d0e935"}}
{"__type":"$$EventMessageConfirm","confirm":"acfb296a-2c62-4b23-af8f-038540167667","ts":"2026-07-24T21:43:27.929-03:00","source":{"id":"0","name":"eventBus"}}
{"__type":"$$EventMessageNode","id":"45e14da0-fa58-4fdc-b1db-cc5e230a94b0","ts":"2026-07-24T21:43:27.930-03:00","eventName":"n8n.node.finished","message":"n8n.node.finished","payload":{"workflowId":"FPhqwMO7my46sJeP","workflowName":"Update Status","executionId":"14","nodeType":"n8n-nodes-base.webhook","nodeName":"Webhook","nodeId":"88f19530-43a8-4689-99f9-e78f98d0e935"}}
{"__type":"$$EventMessageConfirm","confirm":"45e14da0-fa58-4fdc-b1db-cc5e230a94b0","ts":"2026-07-24T21:43:27.930-03:00","source":{"id":"0","name":"eventBus"}}
{"__type":"$$EventMessageNode","id":"a88a9295-304e-4d32-aa3e-5824cf213264","ts":"2026-07-24T21:43:27.930-03:00","eventName":"n8n.node.started","message":"n8n.node.started","payload":{"workflowId":"FPhqwMO7my46sJeP","workflowName":"Update Status","executionId":"14","nodeType":"n8n-nodes-base.set","nodeName":"Edit Fields","nodeId":"a6c10f67-ae24-4e8f-9e67-bbd4af0bbfea"}}
{"__type":"$$EventMessageConfirm","confirm":"a88a9295-304e-4d32-aa3e-5824cf213264","ts":"2026-07-24T21:43:27.930-03:00","source":{"id":"0","name":"eventBus"}}
{"__type":"$$EventMessageNode","id":"7ed23a4e-2ae7-44b8-9633-7e27d1f46292","ts":"2026-07-24T21:43:27.938-03:00","eventName":"n8n.node.finished","message":"n8n.node.finished","payload":{"workflowId":"FPhqwMO7my46sJeP","workflowName":"Update Status","executionId":"14","nodeType":"n8n-nodes-base.set","nodeName":"Edit Fields","nodeId":"a6c10f67-ae24-4e8f-9e67-bbd4af0bbfea"}}
{"__type":"$$EventMessageConfirm","confirm":"7ed23a4e-2ae7-44b8-9633-7e27d1f46292","ts":"2026-07-24T21:43:27.938-03:00","source":{"id":"0","name":"eventBus"}}
{"__type":"$$EventMessageNode","id":"59b1c933-1d94-4112-a5d6-4e28832207c0","ts":"2026-07-24T21:43:27.938-03:00","eventName":"n8n.node.started","message":"n8n.node.started","payload":{"workflowId":"FPhqwMO7my46sJeP","workflowName":"Update Status","executionId":"14","nodeType":"n8n-nodes-base.httpRequest","nodeName":"HTTP Request","nodeId":"156370d2-8d05-4d8a-8447-a9aedec29ec1"}}
{"__type":"$$EventMessageConfirm","confirm":"59b1c933-1d94-4112-a5d6-4e28832207c0","ts":"2026-07-24T21:43:27.938-03:00","source":{"id":"0","name":"eventBus"}}
{"__type":"$$EventMessageNode","id":"9b10c39a-0aac-4c64-a9c2-c39d4a39789a","ts":"2026-07-24T21:43:27.986-03:00","eventName":"n8n.node.finished","message":"n8n.node.finished","payload":{"workflowId":"FPhqwMO7my46sJeP","workflowName":"Update Status","executionId":"14","nodeType":"n8n-nodes-base.httpRequest","nodeName":"HTTP Request","nodeId":"156370d2-8d05-4d8a-8447-a9aedec29ec1"}}
{"__type":"$$EventMessageConfirm","confirm":"9b10c39a-0aac-4c64-a9c2-c39d4a39789a","ts":"2026-07-24T21:43:27.986-03:00","source":{"id":"0","name":"eventBus"}}
{"__type":"$$EventMessageWorkflow","id":"f73cce20-72cf-496d-83db-bd734c943a28","ts":"2026-07-24T21:43:27.989-03:00","eventName":"n8n.workflow.success","message":"n8n.workflow.success","payload":{"executionId":"14","success":true,"isManual":false,"mode":"webhook","workflowId":"FPhqwMO7my46sJeP","workflowName":"Update Status","projectId":"mep6KGh3Fj00XWNp","projectName":"Victor v.ramos58@hotmail.com <v.ramos58@hotmail.com>"}}
{"__type":"$$EventMessageConfirm","confirm":"f73cce20-72cf-496d-83db-bd734c943a28","ts":"2026-07-24T21:43:27.989-03:00","source":{"id":"0","name":"eventBus"}}
{"__type":"$$EventMessageAudit","id":"e8b93dbd-5138-4efe-b79a-014eac476e2f","ts":"2026-07-24T21:46:34.462-03:00","eventName":"n8n.audit.workflow.executed","message":"n8n.audit.workflow.executed","payload":{"workflowId":"FPhqwMO7my46sJeP","workflowName":"Update Status","executionId":"15","source":"webhook"}}
{"__type":"$$EventMessageConfirm","confirm":"e8b93dbd-5138-4efe-b79a-014eac476e2f","ts":"2026-07-24T21:46:34.462-03:00","source":{"id":"0","name":"eventBus"}}
{"__type":"$$EventMessageWorkflow","id":"bb37becd-7626-4de8-8508-739f656e935b","ts":"2026-07-24T21:46:34.462-03:00","eventName":"n8n.workflow.started","message":"n8n.workflow.started","payload":{"executionId":"15","workflowId":"FPhqwMO7my46sJeP","isManual":false,"mode":"webhook","workflowName":"Update Status","projectId":"mep6KGh3Fj00XWNp","projectName":"Victor v.ramos58@hotmail.com <v.ramos58@hotmail.com>"}}
{"__type":"$$EventMessageConfirm","confirm":"bb37becd-7626-4de8-8508-739f656e935b","ts":"2026-07-24T21:46:34.462-03:00","source":{"id":"0","name":"eventBus"}}
{"__type":"$$EventMessageNode","id":"51c38a8c-9cfb-4d62-b69b-734ae7e6022a","ts":"2026-07-24T21:46:34.462-03:00","eventName":"n8n.node.started","message":"n8n.node.started","payload":{"workflowId":"FPhqwMO7my46sJeP","workflowName":"Update Status","executionId":"15","nodeType":"n8n-nodes-base.webhook","nodeName":"Webhook","nodeId":"88f19530-43a8-4689-99f9-e78f98d0e935"}}
{"__type":"$$EventMessageConfirm","confirm":"51c38a8c-9cfb-4d62-b69b-734ae7e6022a","ts":"2026-07-24T21:46:34.462-03:00","source":{"id":"0","name":"eventBus"}}
{"__type":"$$EventMessageNode","id":"c1eabd3b-3749-4cf7-9f5e-c187d88151d9","ts":"2026-07-24T21:46:34.462-03:00","eventName":"n8n.node.finished","message":"n8n.node.finished","payload":{"workflowId":"FPhqwMO7my46sJeP","workflowName":"Update Status","executionId":"15","nodeType":"n8n-nodes-base.webhook","nodeName":"Webhook","nodeId":"88f19530-43a8-4689-99f9-e78f98d0e935"}}
{"__type":"$$EventMessageConfirm","confirm":"c1eabd3b-3749-4cf7-9f5e-c187d88151d9","ts":"2026-07-24T21:46:34.463-03:00","source":{"id":"0","name":"eventBus"}}
{"__type":"$$EventMessageNode","id":"dae1917c-ee6f-4da3-9fb2-a761bf04719f","ts":"2026-07-24T21:46:34.463-03:00","eventName":"n8n.node.started","message":"n8n.node.started","payload":{"workflowId":"FPhqwMO7my46sJeP","workflowName":"Update Status","executionId":"15","nodeType":"n8n-nodes-base.set","nodeName":"Edit Fields","nodeId":"a6c10f67-ae24-4e8f-9e67-bbd4af0bbfea"}}
{"__type":"$$EventMessageConfirm","confirm":"dae1917c-ee6f-4da3-9fb2-a761bf04719f","ts":"2026-07-24T21:46:34.463-03:00","source":{"id":"0","name":"eventBus"}}
{"__type":"$$EventMessageNode","id":"04eab332-06b9-479d-a624-db984d703872","ts":"2026-07-24T21:46:34.465-03:00","eventName":"n8n.node.finished","message":"n8n.node.finished","payload":{"workflowId":"FPhqwMO7my46sJeP","workflowName":"Update Status","executionId":"15","nodeType":"n8n-nodes-base.set","nodeName":"Edit Fields","nodeId":"a6c10f67-ae24-4e8f-9e67-bbd4af0bbfea"}}
{"__type":"$$EventMessageConfirm","confirm":"04eab332-06b9-479d-a624-db984d703872","ts":"2026-07-24T21:46:34.465-03:00","source":{"id":"0","name":"eventBus"}}
{"__type":"$$EventMessageNode","id":"2a597a82-95ed-491a-92dd-4fa50329f84a","ts":"2026-07-24T21:46:34.465-03:00","eventName":"n8n.node.started","message":"n8n.node.started","payload":{"workflowId":"FPhqwMO7my46sJeP","workflowName":"Update Status","executionId":"15","nodeType":"n8n-nodes-base.httpRequest","nodeName":"HTTP Request","nodeId":"156370d2-8d05-4d8a-8447-a9aedec29ec1"}}
{"__type":"$$EventMessageConfirm","confirm":"2a597a82-95ed-491a-92dd-4fa50329f84a","ts":"2026-07-24T21:46:34.465-03:00","source":{"id":"0","name":"eventBus"}}
{"__type":"$$EventMessageNode","id":"06d999da-8f6f-485e-8331-ecff5a313565","ts":"2026-07-24T21:46:34.474-03:00","eventName":"n8n.node.finished","message":"n8n.node.finished","payload":{"workflowId":"FPhqwMO7my46sJeP","workflowName":"Update Status","executionId":"15","nodeType":"n8n-nodes-base.httpRequest","nodeName":"HTTP Request","nodeId":"156370d2-8d05-4d8a-8447-a9aedec29ec1"}}
{"__type":"$$EventMessageConfirm","confirm":"06d999da-8f6f-485e-8331-ecff5a313565","ts":"2026-07-24T21:46:34.474-03:00","source":{"id":"0","name":"eventBus"}}
{"__type":"$$EventMessageWorkflow","id":"e67cd61c-f9ea-4a11-8114-986c88f8a716","ts":"2026-07-24T21:46:34.474-03:00","eventName":"n8n.workflow.success","message":"n8n.workflow.success","payload":{"executionId":"15","success":true,"isManual":false,"mode":"webhook","workflowId":"FPhqwMO7my46sJeP","workflowName":"Update Status","projectId":"mep6KGh3Fj00XWNp","projectName":"Victor v.ramos58@hotmail.com <v.ramos58@hotmail.com>"}}
{"__type":"$$EventMessageConfirm","confirm":"e67cd61c-f9ea-4a11-8114-986c88f8a716","ts":"2026-07-24T21:46:34.475-03:00","source":{"id":"0","name":"eventBus"}}
{"__type":"$$EventMessageAudit","id":"ab4482e1-1def-4d5e-90ab-f2f144b3f6da","ts":"2026-07-24T21:46:39.221-03:00","eventName":"n8n.audit.workflow.executed","message":"n8n.audit.workflow.executed","payload":{"workflowId":"FPhqwMO7my46sJeP","workflowName":"Update Status","executionId":"16","source":"webhook"}}
{"__type":"$$EventMessageConfirm","confirm":"ab4482e1-1def-4d5e-90ab-f2f144b3f6da","ts":"2026-07-24T21:46:39.221-03:00","source":{"id":"0","name":"eventBus"}}
{"__type":"$$EventMessageWorkflow","id":"1755e0df-ee15-4d8d-9fae-fef1e1d1f15d","ts":"2026-07-24T21:46:39.221-03:00","eventName":"n8n.workflow.started","message":"n8n.workflow.started","payload":{"executionId":"16","workflowId":"FPhqwMO7my46sJeP","isManual":false,"mode":"webhook","workflowName":"Update Status","projectId":"mep6KGh3Fj00XWNp","projectName":"Victor v.ramos58@hotmail.com <v.ramos58@hotmail.com>"}}
{"__type":"$$EventMessageConfirm","confirm":"1755e0df-ee15-4d8d-9fae-fef1e1d1f15d","ts":"2026-07-24T21:46:39.221-03:00","source":{"id":"0","name":"eventBus"}}
{"__type":"$$EventMessageNode","id":"9024e707-7a3c-4f29-8a69-6b4ed21cd5b8","ts":"2026-07-24T21:46:39.222-03:00","eventName":"n8n.node.started","message":"n8n.node.started","payload":{"workflowId":"FPhqwMO7my46sJeP","workflowName":"Update Status","executionId":"16","nodeType":"n8n-nodes-base.webhook","nodeName":"Webhook","nodeId":"88f19530-43a8-4689-99f9-e78f98d0e935"}}
{"__type":"$$EventMessageConfirm","confirm":"9024e707-7a3c-4f29-8a69-6b4ed21cd5b8","ts":"2026-07-24T21:46:39.222-03:00","source":{"id":"0","name":"eventBus"}}
{"__type":"$$EventMessageNode","id":"67548576-7816-4b05-a6f0-e76457363c37","ts":"2026-07-24T21:46:39.222-03:00","eventName":"n8n.node.finished","message":"n8n.node.finished","payload":{"workflowId":"FPhqwMO7my46sJeP","workflowName":"Update Status","executionId":"16","nodeType":"n8n-nodes-base.webhook","nodeName":"Webhook","nodeId":"88f19530-43a8-4689-99f9-e78f98d0e935"}}
{"__type":"$$EventMessageConfirm","confirm":"67548576-7816-4b05-a6f0-e76457363c37","ts":"2026-07-24T21:46:39.222-03:00","source":{"id":"0","name":"eventBus"}}
{"__type":"$$EventMessageNode","id":"24686a29-3da9-481b-a3f7-23de6e91a219","ts":"2026-07-24T21:46:39.222-03:00","eventName":"n8n.node.started","message":"n8n.node.started","payload":{"workflowId":"FPhqwMO7my46sJeP","workflowName":"Update Status","executionId":"16","nodeType":"n8n-nodes-base.set","nodeName":"Edit Fields","nodeId":"a6c10f67-ae24-4e8f-9e67-bbd4af0bbfea"}}
{"__type":"$$EventMessageConfirm","confirm":"24686a29-3da9-481b-a3f7-23de6e91a219","ts":"2026-07-24T21:46:39.223-03:00","source":{"id":"0","name":"eventBus"}}
{"__type":"$$EventMessageNode","id":"5dc5c9e1-b881-4fd9-a0fe-27c27d098304","ts":"2026-07-24T21:46:39.225-03:00","eventName":"n8n.node.finished","message":"n8n.node.finished","payload":{"workflowId":"FPhqwMO7my46sJeP","workflowName":"Update Status","executionId":"16","nodeType":"n8n-nodes-base.set","nodeName":"Edit Fields","nodeId":"a6c10f67-ae24-4e8f-9e67-bbd4af0bbfea"}}
{"__type":"$$EventMessageConfirm","confirm":"5dc5c9e1-b881-4fd9-a0fe-27c27d098304","ts":"2026-07-24T21:46:39.225-03:00","source":{"id":"0","name":"eventBus"}}
{"__type":"$$EventMessageNode","id":"b31550b6-386a-45e1-bd3d-ef59140f7cbc","ts":"2026-07-24T21:46:39.225-03:00","eventName":"n8n.node.started","message":"n8n.node.started","payload":{"workflowId":"FPhqwMO7my46sJeP","workflowName":"Update Status","executionId":"16","nodeType":"n8n-nodes-base.httpRequest","nodeName":"HTTP Request","nodeId":"156370d2-8d05-4d8a-8447-a9aedec29ec1"}}
{"__type":"$$EventMessageConfirm","confirm":"b31550b6-386a-45e1-bd3d-ef59140f7cbc","ts":"2026-07-24T21:46:39.225-03:00","source":{"id":"0","name":"eventBus"}}
{"__type":"$$EventMessageNode","id":"4826873c-0b78-4bdf-9bfa-e986195be343","ts":"2026-07-24T21:46:39.236-03:00","eventName":"n8n.node.finished","message":"n8n.node.finished","payload":{"workflowId":"FPhqwMO7my46sJeP","workflowName":"Update Status","executionId":"16","nodeType":"n8n-nodes-base.httpRequest","nodeName":"HTTP Request","nodeId":"156370d2-8d05-4d8a-8447-a9aedec29ec1"}}
{"__type":"$$EventMessageConfirm","confirm":"4826873c-0b78-4bdf-9bfa-e986195be343","ts":"2026-07-24T21:46:39.237-03:00","source":{"id":"0","name":"eventBus"}}
{"__type":"$$EventMessageWorkflow","id":"44783e19-09c1-4404-b5c2-01f2507ca6f8","ts":"2026-07-24T21:46:39.237-03:00","eventName":"n8n.workflow.success","message":"n8n.workflow.success","payload":{"executionId":"16","success":true,"isManual":false,"mode":"webhook","workflowId":"FPhqwMO7my46sJeP","workflowName":"Update Status","projectId":"mep6KGh3Fj00XWNp","projectName":"Victor v.ramos58@hotmail.com <v.ramos58@hotmail.com>"}}
{"__type":"$$EventMessageConfirm","confirm":"44783e19-09c1-4404-b5c2-01f2507ca6f8","ts":"2026-07-24T21:46:39.237-03:00","source":{"id":"0","name":"eventBus"}}
{"__type":"$$EventMessageAudit","id":"f5c0a445-7acc-4601-99be-4d12c7aa3b9d","ts":"2026-07-24T21:50:22.565-03:00","eventName":"n8n.audit.workflow.executed","message":"n8n.audit.workflow.executed","payload":{"workflowId":"FPhqwMO7my46sJeP","workflowName":"Update Status","executionId":"17","source":"webhook"}}
{"__type":"$$EventMessageConfirm","confirm":"f5c0a445-7acc-4601-99be-4d12c7aa3b9d","ts":"2026-07-24T21:50:22.565-03:00","source":{"id":"0","name":"eventBus"}}
{"__type":"$$EventMessageWorkflow","id":"ee077210-41bc-451b-bcb2-3108aa3fbfa0","ts":"2026-07-24T21:50:22.565-03:00","eventName":"n8n.workflow.started","message":"n8n.workflow.started","payload":{"executionId":"17","workflowId":"FPhqwMO7my46sJeP","isManual":false,"mode":"webhook","workflowName":"Update Status","projectId":"mep6KGh3Fj00XWNp","projectName":"Victor v.ramos58@hotmail.com <v.ramos58@hotmail.com>"}}
{"__type":"$$EventMessageConfirm","confirm":"ee077210-41bc-451b-bcb2-3108aa3fbfa0","ts":"2026-07-24T21:50:22.565-03:00","source":{"id":"0","name":"eventBus"}}
{"__type":"$$EventMessageNode","id":"7f755c81-30c0-423f-966b-1ade7079ca65","ts":"2026-07-24T21:50:22.565-03:00","eventName":"n8n.node.started","message":"n8n.node.started","payload":{"workflowId":"FPhqwMO7my46sJeP","workflowName":"Update Status","executionId":"17","nodeType":"n8n-nodes-base.webhook","nodeName":"Webhook","nodeId":"88f19530-43a8-4689-99f9-e78f98d0e935"}}
{"__type":"$$EventMessageConfirm","confirm":"7f755c81-30c0-423f-966b-1ade7079ca65","ts":"2026-07-24T21:50:22.566-03:00","source":{"id":"0","name":"eventBus"}}
{"__type":"$$EventMessageNode","id":"f3839a9e-0c13-41d2-b920-7a10347bf82a","ts":"2026-07-24T21:50:22.566-03:00","eventName":"n8n.node.finished","message":"n8n.node.finished","payload":{"workflowId":"FPhqwMO7my46sJeP","workflowName":"Update Status","executionId":"17","nodeType":"n8n-nodes-base.webhook","nodeName":"Webhook","nodeId":"88f19530-43a8-4689-99f9-e78f98d0e935"}}
{"__type":"$$EventMessageConfirm","confirm":"f3839a9e-0c13-41d2-b920-7a10347bf82a","ts":"2026-07-24T21:50:22.566-03:00","source":{"id":"0","name":"eventBus"}}
{"__type":"$$EventMessageNode","id":"df2cc438-5eec-4e82-883e-0aaade365649","ts":"2026-07-24T21:50:22.566-03:00","eventName":"n8n.node.started","message":"n8n.node.started","payload":{"workflowId":"FPhqwMO7my46sJeP","workflowName":"Update Status","executionId":"17","nodeType":"n8n-nodes-base.set","nodeName":"Edit Fields","nodeId":"a6c10f67-ae24-4e8f-9e67-bbd4af0bbfea"}}
{"__type":"$$EventMessageConfirm","confirm":"df2cc438-5eec-4e82-883e-0aaade365649","ts":"2026-07-24T21:50:22.566-03:00","source":{"id":"0","name":"eventBus"}}
{"__type":"$$EventMessageNode","id":"5dab570f-53bc-4461-b9b8-fe08d1b90dfd","ts":"2026-07-24T21:50:22.568-03:00","eventName":"n8n.node.finished","message":"n8n.node.finished","payload":{"workflowId":"FPhqwMO7my46sJeP","workflowName":"Update Status","executionId":"17","nodeType":"n8n-nodes-base.set","nodeName":"Edit Fields","nodeId":"a6c10f67-ae24-4e8f-9e67-bbd4af0bbfea"}}
{"__type":"$$EventMessageConfirm","confirm":"5dab570f-53bc-4461-b9b8-fe08d1b90dfd","ts":"2026-07-24T21:50:22.568-03:00","source":{"id":"0","name":"eventBus"}}
{"__type":"$$EventMessageNode","id":"ec530970-b0ff-486d-89ec-51c727e05759","ts":"2026-07-24T21:50:22.568-03:00","eventName":"n8n.node.started","message":"n8n.node.started","payload":{"workflowId":"FPhqwMO7my46sJeP","workflowName":"Update Status","executionId":"17","nodeType":"n8n-nodes-base.httpRequest","nodeName":"HTTP Request","nodeId":"156370d2-8d05-4d8a-8447-a9aedec29ec1"}}
{"__type":"$$EventMessageConfirm","confirm":"ec530970-b0ff-486d-89ec-51c727e05759","ts":"2026-07-24T21:50:22.568-03:00","source":{"id":"0","name":"eventBus"}}
{"__type":"$$EventMessageNode","id":"d6c1bdfa-aecf-4d28-b5ce-460fb8abfe8a","ts":"2026-07-24T21:50:22.579-03:00","eventName":"n8n.node.finished","message":"n8n.node.finished","payload":{"workflowId":"FPhqwMO7my46sJeP","workflowName":"Update Status","executionId":"17","nodeType":"n8n-nodes-base.httpRequest","nodeName":"HTTP Request","nodeId":"156370d2-8d05-4d8a-8447-a9aedec29ec1"}}
{"__type":"$$EventMessageConfirm","confirm":"d6c1bdfa-aecf-4d28-b5ce-460fb8abfe8a","ts":"2026-07-24T21:50:22.579-03:00","source":{"id":"0","name":"eventBus"}}
{"__type":"$$EventMessageWorkflow","id":"a2725306-305a-49e5-bf3f-901f965e2f7e","ts":"2026-07-24T21:50:22.580-03:00","eventName":"n8n.workflow.success","message":"n8n.workflow.success","payload":{"executionId":"17","success":true,"isManual":false,"mode":"webhook","workflowId":"FPhqwMO7my46sJeP","workflowName":"Update Status","projectId":"mep6KGh3Fj00XWNp","projectName":"Victor v.ramos58@hotmail.com <v.ramos58@hotmail.com>"}}
{"__type":"$$EventMessageConfirm","confirm":"a2725306-305a-49e5-bf3f-901f965e2f7e","ts":"2026-07-24T21:50:22.580-03:00","source":{"id":"0","name":"eventBus"}}
{"__type":"$$EventMessageAudit","id":"99d4b7f9-8d26-4fe3-9ec9-96faaf831635","ts":"2026-07-24T21:50:26.464-03:00","eventName":"n8n.audit.workflow.executed","message":"n8n.audit.workflow.executed","payload":{"workflowId":"FPhqwMO7my46sJeP","workflowName":"Update Status","executionId":"18","source":"webhook"}}
{"__type":"$$EventMessageConfirm","confirm":"99d4b7f9-8d26-4fe3-9ec9-96faaf831635","ts":"2026-07-24T21:50:26.465-03:00","source":{"id":"0","name":"eventBus"}}
{"__type":"$$EventMessageWorkflow","id":"e60f8287-9314-4472-a735-a0083c7f7918","ts":"2026-07-24T21:50:26.465-03:00","eventName":"n8n.workflow.started","message":"n8n.workflow.started","payload":{"executionId":"18","workflowId":"FPhqwMO7my46sJeP","isManual":false,"mode":"webhook","workflowName":"Update Status","projectId":"mep6KGh3Fj00XWNp","projectName":"Victor v.ramos58@hotmail.com <v.ramos58@hotmail.com>"}}
{"__type":"$$EventMessageConfirm","confirm":"e60f8287-9314-4472-a735-a0083c7f7918","ts":"2026-07-24T21:50:26.465-03:00","source":{"id":"0","name":"eventBus"}}
{"__type":"$$EventMessageNode","id":"bfcefb4f-a13b-4b9f-b0e2-a02475ba09fa","ts":"2026-07-24T21:50:26.465-03:00","eventName":"n8n.node.started","message":"n8n.node.started","payload":{"workflowId":"FPhqwMO7my46sJeP","workflowName":"Update Status","executionId":"18","nodeType":"n8n-nodes-base.webhook","nodeName":"Webhook","nodeId":"88f19530-43a8-4689-99f9-e78f98d0e935"}}
{"__type":"$$EventMessageConfirm","confirm":"bfcefb4f-a13b-4b9f-b0e2-a02475ba09fa","ts":"2026-07-24T21:50:26.465-03:00","source":{"id":"0","name":"eventBus"}}
{"__type":"$$EventMessageNode","id":"48bb913a-9cbb-4815-9165-3da8bfa77b58","ts":"2026-07-24T21:50:26.466-03:00","eventName":"n8n.node.finished","message":"n8n.node.finished","payload":{"workflowId":"FPhqwMO7my46sJeP","workflowName":"Update Status","executionId":"18","nodeType":"n8n-nodes-base.webhook","nodeName":"Webhook","nodeId":"88f19530-43a8-4689-99f9-e78f98d0e935"}}
{"__type":"$$EventMessageConfirm","confirm":"48bb913a-9cbb-4815-9165-3da8bfa77b58","ts":"2026-07-24T21:50:26.466-03:00","source":{"id":"0","name":"eventBus"}}
{"__type":"$$EventMessageNode","id":"f604ed16-7cd5-44f9-b30a-2fbea06406be","ts":"2026-07-24T21:50:26.466-03:00","eventName":"n8n.node.started","message":"n8n.node.started","payload":{"workflowId":"FPhqwMO7my46sJeP","workflowName":"Update Status","executionId":"18","nodeType":"n8n-nodes-base.set","nodeName":"Edit Fields","nodeId":"a6c10f67-ae24-4e8f-9e67-bbd4af0bbfea"}}
{"__type":"$$EventMessageConfirm","confirm":"f604ed16-7cd5-44f9-b30a-2fbea06406be","ts":"2026-07-24T21:50:26.466-03:00","source":{"id":"0","name":"eventBus"}}
{"__type":"$$EventMessageNode","id":"9902a0c9-735c-448f-94a2-b01fb6f1df31","ts":"2026-07-24T21:50:26.469-03:00","eventName":"n8n.node.finished","message":"n8n.node.finished","payload":{"workflowId":"FPhqwMO7my46sJeP","workflowName":"Update Status","executionId":"18","nodeType":"n8n-nodes-base.set","nodeName":"Edit Fields","nodeId":"a6c10f67-ae24-4e8f-9e67-bbd4af0bbfea"}}
{"__type":"$$EventMessageConfirm","confirm":"9902a0c9-735c-448f-94a2-b01fb6f1df31","ts":"2026-07-24T21:50:26.469-03:00","source":{"id":"0","name":"eventBus"}}
{"__type":"$$EventMessageNode","id":"6dc4c2ca-bb9f-4068-b6ba-b0a512df0e94","ts":"2026-07-24T21:50:26.469-03:00","eventName":"n8n.node.started","message":"n8n.node.started","payload":{"workflowId":"FPhqwMO7my46sJeP","workflowName":"Update Status","executionId":"18","nodeType":"n8n-nodes-base.httpRequest","nodeName":"HTTP Request","nodeId":"156370d2-8d05-4d8a-8447-a9aedec29ec1"}}
{"__type":"$$EventMessageConfirm","confirm":"6dc4c2ca-bb9f-4068-b6ba-b0a512df0e94","ts":"2026-07-24T21:50:26.469-03:00","source":{"id":"0","name":"eventBus"}}
{"__type":"$$EventMessageNode","id":"10e5ba13-b585-4f56-97c7-8b7514b2cbd8","ts":"2026-07-24T21:50:26.481-03:00","eventName":"n8n.node.finished","message":"n8n.node.finished","payload":{"workflowId":"FPhqwMO7my46sJeP","workflowName":"Update Status","executionId":"18","nodeType":"n8n-nodes-base.httpRequest","nodeName":"HTTP Request","nodeId":"156370d2-8d05-4d8a-8447-a9aedec29ec1"}}
{"__type":"$$EventMessageConfirm","confirm":"10e5ba13-b585-4f56-97c7-8b7514b2cbd8","ts":"2026-07-24T21:50:26.482-03:00","source":{"id":"0","name":"eventBus"}}
{"__type":"$$EventMessageWorkflow","id":"ea2768e5-a2fb-4b10-a4a9-76ba48c85240","ts":"2026-07-24T21:50:26.482-03:00","eventName":"n8n.workflow.success","message":"n8n.workflow.success","payload":{"executionId":"18","success":true,"isManual":false,"mode":"webhook","workflowId":"FPhqwMO7my46sJeP","workflowName":"Update Status","projectId":"mep6KGh3Fj00XWNp","projectName":"Victor v.ramos58@hotmail.com <v.ramos58@hotmail.com>"}}
{"__type":"$$EventMessageConfirm","confirm":"ea2768e5-a2fb-4b10-a4a9-76ba48c85240","ts":"2026-07-24T21:50:26.482-03:00","source":{"id":"0","name":"eventBus"}}
